// Jest Snapshot v1, https://goo.gl/fbAQLP

exports[`withComponent composes the component with styles 1`] = `
.css-5qt57y,
[data-css-5qt57y] {
  color: red;
  font-size: 20px;
}

<div
  class="css-5qt57y"
/>
`;
